2024-12-22 09:56:50.250 INFO [main] [tests.TestListener] - ======================================== STARTING TEST checkCreateAccount ========================================

2024-12-22 09:56:50.313 INFO [main] [tests.AccountsTest] - Create a new account in 'Saleforce' system
2024-12-22 09:56:50.314 INFO [main] [pages.LoginPage] - Open 'Login' page
2024-12-22 09:56:51.143 INFO [main] [pages.LoginPage] - Log in using credentials 'tborodich@tms.sandbox' and 'Password001'
2024-12-22 09:57:01.675 INFO [main] [pages.NewAccountModal] - Fill Account Information on 'New Account' modal 'Schroeder, Kassulke and Waters'
2024-12-22 09:57:01.702 INFO [main] [wrappers.Input] - Writing 'Schroeder, Kassulke and Waters' into 'Account Name'
2024-12-22 09:57:03.445 INFO [main] [wrappers.Picklist] - Selecting 'Hot' inside picklist 'Rating'
2024-12-22 09:57:04.294 INFO [main] [wrappers.Input] - Writing '685-824-1338' into 'Phone'
2024-12-22 09:57:04.591 INFO [main] [wrappers.Input] - Writing '1-602-231-6403' into 'Fax'
2024-12-22 09:57:04.876 INFO [main] [wrappers.Input] - Writing '769-48-9763' into 'Account Number'
2024-12-22 09:57:05.135 INFO [main] [wrappers.Input] - Writing '3' into 'Employees'
2024-12-22 09:57:06.036 INFO [main] [wrappers.Input] - Writing 'South Amalhaven' into 'Billing City'
2024-12-22 09:57:06.424 INFO [main] [wrappers.Input] - Writing 'Wyoming' into 'Billing State/Province'
2024-12-22 09:57:06.664 INFO [main] [wrappers.Input] - Writing 'Waelchibury' into 'Shipping City'
2024-12-22 09:57:06.981 INFO [main] [wrappers.Input] - Writing 'Illinois' into 'Shipping State/Province'
2024-12-22 09:57:07.286 INFO [main] [wrappers.Input] - Writing '21999' into 'Billing Zip/Postal Code'
2024-12-22 09:57:07.474 INFO [main] [wrappers.Input] - Writing 'Belize' into 'Billing Country'
2024-12-22 09:57:07.674 INFO [main] [wrappers.Input] - Writing '65117' into 'Shipping Zip/Postal Code'
2024-12-22 09:57:07.861 INFO [main] [wrappers.Input] - Writing 'Guam' into 'Shipping Country'
2024-12-22 09:57:08.091 INFO [main] [wrappers.Picklist] - Selecting 'High' inside picklist 'Customer Priority'
2024-12-22 09:57:08.430 INFO [main] [wrappers.Picklist] - Selecting 'Gold' inside picklist 'SLA'
2024-12-22 09:57:08.774 INFO [main] [wrappers.Input] - Writing '8' into 'SLA Serial Number'
2024-12-22 09:57:08.944 INFO [main] [wrappers.Picklist] - Selecting 'Yes' inside picklist 'Upsell Opportunity'
2024-12-22 09:57:09.235 INFO [main] [wrappers.Picklist] - Selecting 'Yes' inside picklist 'Active'
2024-12-22 10:01:15.386 INFO [main] [tests.TestListener] - ======================================== STARTING TEST checkCreateAccountAccountNameOnly ========================================

2024-12-22 10:01:15.458 INFO [main] [tests.AccountsTest] - Create a new account in 'Salesforce' system only with Account Name
2024-12-22 10:01:15.459 INFO [main] [pages.LoginPage] - Open 'Login' page
2024-12-22 10:01:16.251 INFO [main] [pages.LoginPage] - Log in using credentials 'tborodich@tms.sandbox' and 'Password001'
2024-12-22 10:01:25.987 INFO [main] [pages.NewAccountModal] - Fill Account Information on 'New Account' modal 'Heathcote, Pollich and Kirlin'
2024-12-22 10:01:25.987 INFO [main] [wrappers.Input] - Writing 'Heathcote, Pollich and Kirlin' into 'Account Name'
2024-12-22 10:01:27.647 INFO [main] [wrappers.Picklist] - Selecting 'null' inside picklist 'Rating'
2024-12-22 10:02:18.650 INFO [main] [tests.TestListener] - ======================================== STARTING TEST checkCreateAccountAccountNameOnly ========================================

2024-12-22 10:02:18.710 INFO [main] [tests.AccountsTest] - Create a new account in 'Salesforce' system only with Account Name
2024-12-22 10:02:18.710 INFO [main] [pages.LoginPage] - Open 'Login' page
2024-12-22 10:02:19.640 INFO [main] [pages.LoginPage] - Log in using credentials 'tborodich@tms.sandbox' and 'Password001'
2024-12-22 10:02:29.352 INFO [main] [pages.NewAccountModal] - Fill Account Information on 'New Account' modal 'Purdy-Bernier'
2024-12-22 10:02:29.355 INFO [main] [wrappers.Input] - Writing 'Purdy-Bernier' into 'Account Name'
2024-12-22 10:02:30.749 INFO [main] [wrappers.Picklist] - Selecting 'null' inside picklist 'Rating'
2024-12-22 10:13:09.183 INFO [main] [tests.TestListener] - ======================================== STARTING TEST checkCreateAccount ========================================

2024-12-22 10:13:09.240 INFO [main] [tests.AccountsTest] - Create a new account in 'Salesforce' system
2024-12-22 10:13:09.241 INFO [main] [pages.LoginPage] - Open 'Login' page
2024-12-22 10:13:10.102 INFO [main] [pages.LoginPage] - Log in using credentials 'tborodich@tms.sandbox' and 'Password001'
2024-12-22 10:13:12.914 INFO [main] [pages.HomePage] - Open 'Homepage' page
2024-12-22 10:13:17.824 INFO [main] [pages.HomePage] - Option {optionName} is selected in the menu
2024-12-22 10:13:19.941 INFO [main] [pages.NewAccountModal] - Open 'New Account' modal
2024-12-22 10:13:21.048 INFO [main] [pages.NewAccountModal] - Fill Account Information on 'New Account' modal 'Huel-Waters'
2024-12-22 10:13:21.049 INFO [main] [wrappers.Input] - Writing 'Huel-Waters' into 'Account Name'
2024-12-22 10:13:22.377 INFO [main] [wrappers.Picklist] - Selecting 'Hot' inside picklist 'Rating'
2024-12-22 10:13:23.235 INFO [main] [wrappers.Input] - Writing '1-685-431-5833' into 'Phone'
2024-12-22 10:13:23.512 INFO [main] [wrappers.Input] - Writing '1-931-511-0916' into 'Fax'
2024-12-22 10:13:23.762 INFO [main] [wrappers.Input] - Writing '781-16-2986' into 'Account Number'
2024-12-22 10:13:23.977 INFO [main] [wrappers.Input] - Writing '3' into 'Employees'
2024-12-22 10:13:24.116 INFO [main] [pages.NewAccountModal] - Fill Address Information on 'New Account' modal 'Huel-Waters'
2024-12-22 10:13:24.849 INFO [main] [wrappers.Input] - Writing 'Theodoreside' into 'Billing City'
2024-12-22 10:13:25.271 INFO [main] [wrappers.Input] - Writing 'Mississippi' into 'Billing State/Province'
2024-12-22 10:13:25.653 INFO [main] [wrappers.Input] - Writing 'New Denis' into 'Shipping City'
2024-12-22 10:13:25.885 INFO [main] [wrappers.Input] - Writing 'Mississippi' into 'Shipping State/Province'
2024-12-22 10:13:26.193 INFO [main] [wrappers.Input] - Writing '53196' into 'Billing Zip/Postal Code'
2024-12-22 10:13:26.381 INFO [main] [wrappers.Input] - Writing 'Chad' into 'Billing Country'
2024-12-22 10:13:26.561 INFO [main] [wrappers.Input] - Writing '32162-5567' into 'Shipping Zip/Postal Code'
2024-12-22 10:13:26.843 INFO [main] [wrappers.Input] - Writing 'Djibouti' into 'Shipping Country'
2024-12-22 10:13:27.098 INFO [main] [pages.NewAccountModal] - Fill Additional Information on 'New Account' modal 'Huel-Waters'
2024-12-22 10:13:27.098 INFO [main] [wrappers.Picklist] - Selecting 'High' inside picklist 'Customer Priority'
2024-12-22 10:13:52.862 INFO [main] [tests.TestListener] - ======================================== STARTING TEST checkCreateAccount ========================================

2024-12-22 10:13:52.923 INFO [main] [tests.AccountsTest] - Create a new account in 'Salesforce' system
2024-12-22 10:13:52.923 INFO [main] [pages.LoginPage] - Open 'Login' page
2024-12-22 10:13:53.536 INFO [main] [pages.LoginPage] - Log in using credentials 'tborodich@tms.sandbox' and 'Password001'
2024-12-22 10:13:55.754 INFO [main] [pages.HomePage] - Open 'Homepage' page
2024-12-22 10:13:58.799 INFO [main] [pages.HomePage] - Option {optionName} is selected in the menu
2024-12-22 10:14:01.041 INFO [main] [pages.NewAccountModal] - Open 'New Account' modal
2024-12-22 10:14:02.345 INFO [main] [pages.NewAccountModal] - Fill Account Information on 'New Account' modal 'O'Hara and Sons'
2024-12-22 10:14:02.348 INFO [main] [wrappers.Input] - Writing 'O'Hara and Sons' into 'Account Name'
2024-12-22 10:14:03.572 INFO [main] [wrappers.Picklist] - Selecting 'Hot' inside picklist 'Rating'
2024-12-22 10:14:04.391 INFO [main] [wrappers.Input] - Writing '223.816.5706' into 'Phone'
2024-12-22 10:14:04.628 INFO [main] [wrappers.Input] - Writing '1-647-379-7764' into 'Fax'
2024-12-22 10:14:04.889 INFO [main] [wrappers.Input] - Writing '018-17-5935' into 'Account Number'
2024-12-22 10:14:05.118 INFO [main] [wrappers.Input] - Writing '1' into 'Employees'
2024-12-22 10:14:05.251 INFO [main] [pages.NewAccountModal] - Fill Address Information on 'New Account' modal 'O'Hara and Sons'
2024-12-22 10:14:06.091 INFO [main] [wrappers.Input] - Writing 'West Ivytown' into 'Billing City'
2024-12-22 10:14:06.390 INFO [main] [wrappers.Input] - Writing 'West Virginia' into 'Billing State/Province'
2024-12-22 10:14:06.703 INFO [main] [wrappers.Input] - Writing 'Luanaberg' into 'Shipping City'
2024-12-22 10:14:06.951 INFO [main] [wrappers.Input] - Writing 'Oregon' into 'Shipping State/Province'
2024-12-22 10:14:07.451 INFO [main] [wrappers.Input] - Writing '57176' into 'Billing Zip/Postal Code'
2024-12-22 10:14:07.653 INFO [main] [wrappers.Input] - Writing 'Afghanistan' into 'Billing Country'
2024-12-22 10:14:07.983 INFO [main] [wrappers.Input] - Writing '99781-5633' into 'Shipping Zip/Postal Code'
2024-12-22 10:14:08.216 INFO [main] [wrappers.Input] - Writing 'Svalbard & Jan Mayen Islands' into 'Shipping Country'
2024-12-22 10:14:08.738 INFO [main] [pages.NewAccountModal] - Fill Additional Information on 'New Account' modal 'O'Hara and Sons'
2024-12-22 10:14:08.738 INFO [main] [wrappers.Picklist] - Selecting 'High' inside picklist 'Customer Priority'
2024-12-22 10:14:42.199 INFO [main] [tests.TestListener] - ======================================== STARTING TEST checkCreateAccount ========================================

2024-12-22 10:14:42.256 INFO [main] [tests.AccountsTest] - Create a new account in 'Salesforce' system
2024-12-22 10:14:42.257 INFO [main] [pages.LoginPage] - Open 'Login' page
2024-12-22 10:14:42.985 INFO [main] [pages.LoginPage] - Log in using credentials 'tborodich@tms.sandbox' and 'Password001'
2024-12-22 10:14:44.867 INFO [main] [pages.HomePage] - Open 'Homepage' page
2024-12-22 10:14:49.328 INFO [main] [pages.HomePage] - Option {optionName} is selected in the menu
2024-12-22 10:14:51.192 INFO [main] [pages.NewAccountModal] - Open 'New Account' modal
2024-12-22 10:14:52.244 INFO [main] [pages.NewAccountModal] - Fill Account Information on 'New Account' modal 'Will-Sawayn'
2024-12-22 10:14:52.249 INFO [main] [wrappers.Input] - Writing 'Will-Sawayn' into 'Account Name'
2024-12-22 10:14:53.666 INFO [main] [wrappers.Picklist] - Selecting 'Hot' inside picklist 'Rating'
2024-12-22 10:14:54.241 INFO [main] [wrappers.Input] - Writing '703-688-2393' into 'Phone'
2024-12-22 10:14:54.484 INFO [main] [wrappers.Input] - Writing '363-694-4633' into 'Fax'
2024-12-22 10:14:54.754 INFO [main] [wrappers.Input] - Writing '266-03-3026' into 'Account Number'
2024-12-22 10:14:54.989 INFO [main] [wrappers.Input] - Writing '5' into 'Employees'
2024-12-22 10:14:55.112 INFO [main] [pages.NewAccountModal] - Fill Address Information on 'New Account' modal 'Will-Sawayn'
2024-12-22 10:14:55.943 INFO [main] [wrappers.Input] - Writing 'South Randall' into 'Billing City'
2024-12-22 10:14:56.277 INFO [main] [wrappers.Input] - Writing 'Montana' into 'Billing State/Province'
2024-12-22 10:14:56.635 INFO [main] [wrappers.Input] - Writing 'South Angela' into 'Shipping City'
2024-12-22 10:14:57.027 INFO [main] [wrappers.Input] - Writing 'Alaska' into 'Shipping State/Province'
2024-12-22 10:14:57.247 INFO [main] [wrappers.Input] - Writing '90576' into 'Billing Zip/Postal Code'
2024-12-22 10:14:57.438 INFO [main] [wrappers.Input] - Writing 'Venezuela' into 'Billing Country'
2024-12-22 10:14:57.662 INFO [main] [wrappers.Input] - Writing '31119' into 'Shipping Zip/Postal Code'
2024-12-22 10:14:57.850 INFO [main] [wrappers.Input] - Writing 'Brazil' into 'Shipping Country'
2024-12-22 10:14:58.040 INFO [main] [pages.NewAccountModal] - Fill Additional Information on 'New Account' modal 'Will-Sawayn'
2024-12-22 10:14:58.040 INFO [main] [wrappers.Picklist] - Selecting 'High' inside picklist 'Customer Priority'
2024-12-22 10:15:41.861 INFO [main] [tests.TestListener] - ======================================== STARTING TEST checkCreateAccount ========================================

2024-12-22 10:15:41.940 INFO [main] [tests.AccountsTest] - Create a new account in 'Salesforce' system
2024-12-22 10:15:41.941 INFO [main] [pages.LoginPage] - Open 'Login' page
2024-12-22 10:15:42.635 INFO [main] [pages.LoginPage] - Log in using credentials 'tborodich@tms.sandbox' and 'Password001'
2024-12-22 10:15:44.846 INFO [main] [pages.HomePage] - Open 'Homepage' page
2024-12-22 10:15:49.562 INFO [main] [pages.HomePage] - Option {optionName} is selected in the menu
2024-12-22 10:15:49.624 INFO [main] [tests.TestListener] - ======================================== STARTING TEST checkCreateAccount ========================================

2024-12-22 10:15:49.753 INFO [main] [tests.AccountsTest] - Create a new account in 'Salesforce' system
2024-12-22 10:15:49.754 INFO [main] [pages.LoginPage] - Open 'Login' page
2024-12-22 10:15:50.654 INFO [main] [pages.LoginPage] - Log in using credentials 'tborodich@tms.sandbox' and 'Password001'
2024-12-22 10:15:51.943 INFO [main] [pages.NewAccountModal] - Open 'New Account' modal
2024-12-22 10:15:52.924 INFO [main] [pages.NewAccountModal] - Fill Account Information on 'New Account' modal 'Schumm, Stark and Reynolds'
2024-12-22 10:15:52.927 INFO [main] [wrappers.Input] - Writing 'Schumm, Stark and Reynolds' into 'Account Name'
2024-12-22 10:15:53.161 INFO [main] [pages.HomePage] - Open 'Homepage' page
2024-12-22 10:15:54.512 INFO [main] [wrappers.Picklist] - Selecting 'Hot' inside picklist 'Rating'
2024-12-22 10:15:55.348 INFO [main] [wrappers.Input] - Writing '757-541-8428' into 'Phone'
2024-12-22 10:15:55.626 INFO [main] [wrappers.Input] - Writing '117.034.0211' into 'Fax'
2024-12-22 10:15:55.915 INFO [main] [wrappers.Input] - Writing '418-38-4338' into 'Account Number'
2024-12-22 10:15:56.238 INFO [main] [wrappers.Input] - Writing '0' into 'Employees'
2024-12-22 10:15:56.388 INFO [main] [pages.NewAccountModal] - Fill Address Information on 'New Account' modal 'Schumm, Stark and Reynolds'
2024-12-22 10:15:57.300 INFO [main] [pages.HomePage] - Option {optionName} is selected in the menu
2024-12-22 10:15:57.316 INFO [main] [wrappers.Input] - Writing 'New Ivette' into 'Billing City'
2024-12-22 10:15:57.614 INFO [main] [wrappers.Input] - Writing 'New Hampshire' into 'Billing State/Province'
2024-12-22 10:15:57.980 INFO [main] [wrappers.Input] - Writing 'South Cheryllborough' into 'Shipping City'
2024-12-22 10:15:58.452 INFO [main] [wrappers.Input] - Writing 'Nevada' into 'Shipping State/Province'
2024-12-22 10:15:58.709 INFO [main] [wrappers.Input] - Writing '61889' into 'Billing Zip/Postal Code'
2024-12-22 10:15:58.907 INFO [main] [wrappers.Input] - Writing 'British Indian Ocean Territory (Chagos Archipelago)' into 'Billing Country'
2024-12-22 10:15:59.560 INFO [main] [pages.NewAccountModal] - Open 'New Account' modal
2024-12-22 10:15:59.966 INFO [main] [wrappers.Input] - Writing '60788' into 'Shipping Zip/Postal Code'
2024-12-22 10:16:00.212 INFO [main] [wrappers.Input] - Writing 'Sri Lanka' into 'Shipping Country'
2024-12-22 10:16:00.500 INFO [main] [pages.NewAccountModal] - Fill Additional Information on 'New Account' modal 'Schumm, Stark and Reynolds'
2024-12-22 10:16:00.500 INFO [main] [wrappers.Picklist] - Selecting 'High' inside picklist 'Customer Priority'
2024-12-22 10:16:00.873 INFO [main] [wrappers.Picklist] - Selecting 'Gold' inside picklist 'SLA'
2024-12-22 10:16:01.012 INFO [main] [pages.NewAccountModal] - Fill Account Information on 'New Account' modal 'Kerluke, Bins and Wiza'
2024-12-22 10:16:01.014 INFO [main] [wrappers.Input] - Writing 'Kerluke, Bins and Wiza' into 'Account Name'
2024-12-22 10:16:01.203 INFO [main] [wrappers.Input] - Writing '2' into 'SLA Serial Number'
2024-12-22 10:16:01.332 INFO [main] [wrappers.Picklist] - Selecting 'Yes' inside picklist 'Upsell Opportunity'
2024-12-22 10:16:01.925 INFO [main] [wrappers.Picklist] - Selecting 'Yes' inside picklist 'Active'
2024-12-22 10:16:02.233 INFO [main] [pages.NewAccountModal] - Click 'Save' button on 'New Account' modal
2024-12-22 10:16:02.555 INFO [main] [wrappers.Picklist] - Selecting 'Hot' inside picklist 'Rating'
2024-12-22 10:16:03.177 INFO [main] [wrappers.Input] - Writing '1-491-974-5015' into 'Phone'
2024-12-22 10:16:03.445 INFO [main] [wrappers.Input] - Writing '614.135.7107' into 'Fax'
2024-12-22 10:16:03.668 INFO [main] [wrappers.Input] - Writing '779-30-9423' into 'Account Number'
2024-12-22 10:16:03.950 INFO [main] [wrappers.Input] - Writing '0' into 'Employees'
2024-12-22 10:16:04.092 INFO [main] [pages.NewAccountModal] - Fill Address Information on 'New Account' modal 'Kerluke, Bins and Wiza'
2024-12-22 10:16:04.856 INFO [main] [wrappers.Input] - Writing 'South Wilber' into 'Billing City'
2024-12-22 10:16:05.206 INFO [main] [wrappers.Input] - Writing 'Nebraska' into 'Billing State/Province'
2024-12-22 10:16:05.492 INFO [main] [wrappers.Input] - Writing 'South Francesbury' into 'Shipping City'
2024-12-22 10:16:05.927 INFO [main] [wrappers.Input] - Writing 'Hawaii' into 'Shipping State/Province'
2024-12-22 10:16:06.154 INFO [main] [wrappers.Input] - Writing '35858' into 'Billing Zip/Postal Code'
2024-12-22 10:16:06.373 INFO [main] [wrappers.Input] - Writing 'Saint Kitts and Nevis' into 'Billing Country'
2024-12-22 10:16:07.088 INFO [main] [wrappers.Input] - Writing '39608-6389' into 'Shipping Zip/Postal Code'
2024-12-22 10:16:07.383 INFO [main] [wrappers.Input] - Writing 'French Guiana' into 'Shipping Country'
2024-12-22 10:16:07.775 INFO [main] [pages.NewAccountModal] - Fill Additional Information on 'New Account' modal 'Kerluke, Bins and Wiza'
2024-12-22 10:16:07.776 INFO [main] [wrappers.Picklist] - Selecting 'High' inside picklist 'Customer Priority'
2024-12-22 10:16:08.345 INFO [main] [wrappers.Picklist] - Selecting 'Gold' inside picklist 'SLA'
2024-12-22 10:16:08.780 INFO [main] [wrappers.Input] - Writing '1' into 'SLA Serial Number'
2024-12-22 10:16:08.941 INFO [main] [wrappers.Picklist] - Selecting 'Yes' inside picklist 'Upsell Opportunity'
2024-12-22 10:16:09.373 INFO [main] [wrappers.Picklist] - Selecting 'Yes' inside picklist 'Active'
2024-12-22 10:16:09.724 INFO [main] [pages.NewAccountModal] - Click 'Save' button on 'New Account' modal
2024-12-22 10:29:06.992 INFO [main] [tests.TestListener] - ======================================== STARTING TEST checkCreateAccount ========================================

2024-12-22 10:29:07.049 INFO [main] [tests.AccountsTest] - Create a new account in 'Salesforce' system
2024-12-22 10:29:07.050 INFO [main] [steps.LoginStep] - Login to the 'Salesforce' system with credentials {username} and {password}
2024-12-22 10:29:07.051 INFO [main] [pages.LoginPage] - Open 'Login' page
2024-12-22 10:29:08.510 INFO [main] [pages.LoginPage] - Log in using credentials 'tborodich@tms.sandbox' and 'Password001'
2024-12-22 10:29:11.291 INFO [main] [pages.HomePage] - Open 'Homepage' page
2024-12-22 10:29:14.612 INFO [main] [steps.AccountStep] - Creating new account, filling information
2024-12-22 10:29:14.613 INFO [main] [pages.HomePage] - Option {optionName} is selected in the menu
2024-12-22 10:29:16.669 INFO [main] [pages.NewAccountModal] - Open 'New Account' modal
2024-12-22 10:29:18.044 INFO [main] [pages.NewAccountModal] - Fill Account Information on 'New Account' modal 'Robel, Kub and Smitham'
2024-12-22 10:29:18.044 INFO [main] [wrappers.Input] - Writing 'Robel, Kub and Smitham' into 'Account Name'
2024-12-22 10:29:19.649 INFO [main] [wrappers.Picklist] - Selecting 'Hot' inside picklist 'Rating'
2024-12-22 10:29:20.421 INFO [main] [wrappers.Input] - Writing '1-274-385-4011' into 'Phone'
2024-12-22 10:29:20.695 INFO [main] [wrappers.Input] - Writing '(388) 453-3429' into 'Fax'
2024-12-22 10:29:20.956 INFO [main] [wrappers.Input] - Writing '497-81-2774' into 'Account Number'
2024-12-22 10:29:21.218 INFO [main] [wrappers.Input] - Writing '4' into 'Employees'
2024-12-22 10:29:21.393 INFO [main] [pages.NewAccountModal] - Fill Address Information on 'New Account' modal 'Robel, Kub and Smitham'
2024-12-22 10:29:21.417 INFO [main] [wrappers.TextArea] - Writing '76588 Joan Harbor' into 'Billing Street' textarea
2024-12-22 10:29:21.860 INFO [main] [wrappers.TextArea] - Writing '79935 MacGyver Plain' into 'Shipping Street' textarea
2024-12-22 10:29:22.302 INFO [main] [wrappers.Input] - Writing 'Enolaside' into 'Billing City'
2024-12-22 10:29:22.579 INFO [main] [wrappers.Input] - Writing 'North Dakota' into 'Billing State/Province'
2024-12-22 10:29:22.894 INFO [main] [wrappers.Input] - Writing 'East Alphonsotown' into 'Shipping City'
2024-12-22 10:29:23.338 INFO [main] [wrappers.Input] - Writing 'Texas' into 'Shipping State/Province'
2024-12-22 10:29:23.585 INFO [main] [wrappers.Input] - Writing '45264' into 'Billing Zip/Postal Code'
2024-12-22 10:29:23.979 INFO [main] [wrappers.Input] - Writing 'Western Sahara' into 'Billing Country'
2024-12-22 10:29:24.439 INFO [main] [wrappers.Input] - Writing '25740-4155' into 'Shipping Zip/Postal Code'
2024-12-22 10:29:24.813 INFO [main] [wrappers.Input] - Writing 'Singapore' into 'Shipping Country'
2024-12-22 10:29:25.186 INFO [main] [pages.NewAccountModal] - Fill Additional Information on 'New Account' modal 'Robel, Kub and Smitham'
2024-12-22 10:29:25.186 INFO [main] [wrappers.Picklist] - Selecting 'High' inside picklist 'Customer Priority'
2024-12-22 10:29:25.655 INFO [main] [wrappers.Picklist] - Selecting 'Gold' inside picklist 'SLA'
2024-12-22 10:29:26.020 INFO [main] [wrappers.Input] - Writing '7' into 'SLA Serial Number'
2024-12-22 10:29:26.167 INFO [main] [wrappers.Picklist] - Selecting 'Yes' inside picklist 'Upsell Opportunity'
2024-12-22 10:29:26.674 INFO [main] [wrappers.Picklist] - Selecting 'Yes' inside picklist 'Active'
2024-12-22 10:29:26.982 INFO [main] [pages.NewAccountModal] - Click 'Save' button on 'New Account' modal
2024-12-22 10:29:27.158 INFO [main] [tests.TestListener] - ======================================== FINISHED TEST checkCreateAccount Duration: 20s ========================================

2024-12-22 10:32:50.010 INFO [main] [tests.TestListener] - ======================================== STARTING TEST checkCreateAccount ========================================

2024-12-22 10:32:50.082 INFO [main] [tests.AccountsTest] - Create a new account in 'Salesforce' system
2024-12-22 10:32:50.082 INFO [main] [steps.LoginStep] - Login to the 'Salesforce' system with credentials
2024-12-22 10:32:50.083 INFO [main] [pages.LoginPage] - Open 'Login' page
2024-12-22 10:32:50.740 INFO [main] [pages.LoginPage] - Log in using credentials 'tborodich@tms.sandbox' and 'Password001'
2024-12-22 10:32:55.709 INFO [main] [pages.HomePage] - Open 'Homepage' page
2024-12-22 10:32:58.144 INFO [main] [steps.AccountStep] - Creating new account, filling information
2024-12-22 10:32:58.145 INFO [main] [pages.HomePage] - Option 'Accounts' is selected in the menu
2024-12-22 10:33:00.240 INFO [main] [pages.NewAccountModal] - Open 'New Account' modal
2024-12-22 10:33:00.738 INFO [main] [pages.NewAccountModal] - Fill Account Information on 'New Account' modal 'Donnelly-Bauch'
2024-12-22 10:33:00.740 INFO [main] [wrappers.Input] - Writing 'Donnelly-Bauch' into 'Account Name'
2024-12-22 10:33:02.446 INFO [main] [wrappers.Picklist] - Selecting 'Hot' inside picklist 'Rating'
2024-12-22 10:33:03.196 INFO [main] [wrappers.Input] - Writing '692-067-0179' into 'Phone'
2024-12-22 10:33:03.419 INFO [main] [wrappers.Input] - Writing '(402) 463-5557' into 'Fax'
2024-12-22 10:33:03.677 INFO [main] [wrappers.Input] - Writing '403-97-5771' into 'Account Number'
2024-12-22 10:33:03.923 INFO [main] [wrappers.Input] - Writing '2' into 'Employees'
2024-12-22 10:33:04.092 INFO [main] [pages.NewAccountModal] - Fill Address Information on 'New Account' modal 'Donnelly-Bauch'
2024-12-22 10:33:04.092 INFO [main] [wrappers.TextArea] - Writing '96651 Drema Lake' into 'Billing Street' textarea
2024-12-22 10:33:04.604 INFO [main] [wrappers.TextArea] - Writing '03822 Weissnat Islands' into 'Shipping Street' textarea
2024-12-22 10:33:05.331 INFO [main] [wrappers.Input] - Writing 'West Shaneka' into 'Billing City'
2024-12-22 10:33:05.812 INFO [main] [wrappers.Input] - Writing 'Alaska' into 'Billing State/Province'
2024-12-22 10:33:06.082 INFO [main] [wrappers.Input] - Writing 'West Willian' into 'Shipping City'
2024-12-22 10:33:06.449 INFO [main] [wrappers.Input] - Writing 'Arizona' into 'Shipping State/Province'
2024-12-22 10:33:06.686 INFO [main] [wrappers.Input] - Writing '06359-1898' into 'Billing Zip/Postal Code'
2024-12-22 10:33:06.960 INFO [main] [wrappers.Input] - Writing 'Togo' into 'Billing Country'
2024-12-22 10:33:07.122 INFO [main] [wrappers.Input] - Writing '83338' into 'Shipping Zip/Postal Code'
2024-12-22 10:33:07.315 INFO [main] [wrappers.Input] - Writing 'Cocos (Keeling) Islands' into 'Shipping Country'
2024-12-22 10:33:07.904 INFO [main] [pages.NewAccountModal] - Fill Additional Information on 'New Account' modal 'Donnelly-Bauch'
2024-12-22 10:33:07.905 INFO [main] [wrappers.Picklist] - Selecting 'High' inside picklist 'Customer Priority'
2024-12-22 10:33:08.290 INFO [main] [wrappers.Picklist] - Selecting 'Gold' inside picklist 'SLA'
2024-12-22 10:33:08.640 INFO [main] [wrappers.Input] - Writing '5' into 'SLA Serial Number'
2024-12-22 10:33:08.767 INFO [main] [wrappers.Picklist] - Selecting 'Yes' inside picklist 'Upsell Opportunity'
2024-12-22 10:33:09.114 INFO [main] [wrappers.Picklist] - Selecting 'Yes' inside picklist 'Active'
2024-12-22 10:33:09.422 INFO [main] [pages.NewAccountModal] - Click 'Save' button on 'New Account' modal
2024-12-22 10:33:09.620 INFO [main] [tests.TestListener] - ======================================== FINISHED TEST checkCreateAccount Duration: 19s ========================================

2024-12-22 11:05:02.165 INFO [main] [tests.TestListener] - ======================================== STARTING TEST checkCreateAccountWithAccountNameOnly ========================================

2024-12-22 11:05:02.227 INFO [main] [tests.AccountsTest] - Create a new account in 'Salesforce' system with Account Name only
2024-12-22 11:05:02.227 INFO [main] [steps.LoginStep] - Login to the 'Salesforce' system with credentials
2024-12-22 11:05:02.228 INFO [main] [pages.LoginPage] - Open 'Login' page
2024-12-22 11:05:03.317 INFO [main] [pages.LoginPage] - Log in using credentials 'tborodich@tms.sandbox' and 'Password001'
2024-12-22 11:05:05.917 INFO [main] [pages.HomePage] - Open 'Homepage' page
2024-12-22 11:05:10.980 INFO [main] [steps.AccountStep] - Creating new account, filling information
2024-12-22 11:05:10.981 INFO [main] [pages.HomePage] - Option 'Accounts' is selected in the menu
2024-12-22 11:05:11.889 INFO [main] [pages.NewAccountModal] - Open 'New Account' modal
2024-12-22 11:05:13.207 INFO [main] [pages.NewAccountModal] - Fill Account Information on 'New Account' modal 'Predovic Group'
2024-12-22 11:05:13.208 INFO [main] [wrappers.Input] - Writing 'Predovic Group' into 'Account Name'
2024-12-22 11:05:15.359 INFO [main] [wrappers.Picklist] - Selecting 'Hot' inside picklist 'Rating'
2024-12-22 11:05:16.296 INFO [main] [wrappers.Input] - Writing '' into 'Phone'
2024-12-22 11:05:16.592 INFO [main] [wrappers.Input] - Writing '' into 'Fax'
2024-12-22 11:05:16.751 INFO [main] [wrappers.Input] - Writing '' into 'Account Number'
2024-12-22 11:05:16.856 INFO [main] [wrappers.Input] - Writing '' into 'Employees'
2024-12-22 11:05:16.956 INFO [main] [pages.NewAccountModal] - Fill Address Information on 'New Account' modal 'Predovic Group'
2024-12-22 11:05:16.957 INFO [main] [wrappers.TextArea] - Writing '' into 'Billing Street' textarea
2024-12-22 11:05:17.055 INFO [main] [wrappers.TextArea] - Writing '' into 'Shipping Street' textarea
2024-12-22 11:05:17.144 INFO [main] [wrappers.Input] - Writing '' into 'Billing City'
2024-12-22 11:05:17.242 INFO [main] [wrappers.Input] - Writing '' into 'Billing State/Province'
2024-12-22 11:05:17.344 INFO [main] [wrappers.Input] - Writing '' into 'Shipping City'
2024-12-22 11:05:17.441 INFO [main] [wrappers.Input] - Writing '' into 'Shipping State/Province'
2024-12-22 11:05:17.539 INFO [main] [wrappers.Input] - Writing '' into 'Billing Zip/Postal Code'
2024-12-22 11:05:17.869 INFO [main] [wrappers.Input] - Writing '' into 'Billing Country'
2024-12-22 11:05:17.973 INFO [main] [wrappers.Input] - Writing '' into 'Shipping Zip/Postal Code'
2024-12-22 11:05:18.068 INFO [main] [wrappers.Input] - Writing '' into 'Shipping Country'
2024-12-22 11:05:18.254 INFO [main] [pages.NewAccountModal] - Fill Additional Information on 'New Account' modal 'Predovic Group'
2024-12-22 11:05:18.255 INFO [main] [wrappers.Picklist] - Selecting 'High' inside picklist 'Customer Priority'
2024-12-22 11:05:19.435 INFO [main] [tests.TestListener] - ======================================== FAILED TEST checkCreateAccountWithAccountNameOnly Duration: 17s ========================================

2024-12-22 11:05:47.326 INFO [main] [tests.TestListener] - ======================================== STARTING TEST checkCreateAccountWithAccountNameOnly ========================================

2024-12-22 11:05:47.422 INFO [main] [tests.AccountsTest] - Create a new account in 'Salesforce' system with Account Name only
2024-12-22 11:05:47.422 INFO [main] [steps.LoginStep] - Login to the 'Salesforce' system with credentials
2024-12-22 11:05:47.423 INFO [main] [pages.LoginPage] - Open 'Login' page
2024-12-22 11:05:48.064 INFO [main] [pages.LoginPage] - Log in using credentials 'tborodich@tms.sandbox' and 'Password001'
2024-12-22 11:05:49.684 INFO [main] [pages.HomePage] - Open 'Homepage' page
2024-12-22 11:05:54.076 INFO [main] [steps.AccountStep] - Creating new account, filling information
2024-12-22 11:05:54.078 INFO [main] [pages.HomePage] - Option 'Accounts' is selected in the menu
2024-12-22 11:05:55.663 INFO [main] [pages.NewAccountModal] - Open 'New Account' modal
2024-12-22 11:05:56.945 INFO [main] [pages.NewAccountModal] - Fill Account Information on 'New Account' modal 'Dach, Brekke and Balistreri'
2024-12-22 11:05:56.947 INFO [main] [wrappers.Input] - Writing 'Dach, Brekke and Balistreri' into 'Account Name'
2024-12-22 11:05:58.759 INFO [main] [wrappers.Picklist] - Selecting 'Hot' inside picklist 'Rating'
2024-12-22 11:05:59.744 INFO [main] [wrappers.Input] - Writing '' into 'Phone'
2024-12-22 11:06:00.037 INFO [main] [wrappers.Input] - Writing '' into 'Fax'
2024-12-22 11:06:00.128 INFO [main] [wrappers.Input] - Writing '' into 'Account Number'
2024-12-22 11:06:00.230 INFO [main] [wrappers.Input] - Writing '' into 'Employees'
2024-12-22 11:06:00.330 INFO [main] [pages.NewAccountModal] - Fill Address Information on 'New Account' modal 'Dach, Brekke and Balistreri'
2024-12-22 11:06:00.331 INFO [main] [wrappers.TextArea] - Writing '' into 'Billing Street' textarea
2024-12-22 11:06:00.427 INFO [main] [wrappers.TextArea] - Writing '' into 'Shipping Street' textarea
2024-12-22 11:06:00.549 INFO [main] [wrappers.Input] - Writing '' into 'Billing City'
2024-12-22 11:06:00.645 INFO [main] [wrappers.Input] - Writing '' into 'Billing State/Province'
2024-12-22 11:06:00.742 INFO [main] [wrappers.Input] - Writing '' into 'Shipping City'
2024-12-22 11:06:00.852 INFO [main] [wrappers.Input] - Writing '' into 'Shipping State/Province'
2024-12-22 11:06:00.948 INFO [main] [wrappers.Input] - Writing '' into 'Billing Zip/Postal Code'
2024-12-22 11:06:01.297 INFO [main] [wrappers.Input] - Writing '' into 'Billing Country'
2024-12-22 11:06:01.393 INFO [main] [wrappers.Input] - Writing '' into 'Shipping Zip/Postal Code'
2024-12-22 11:06:01.479 INFO [main] [wrappers.Input] - Writing '' into 'Shipping Country'
2024-12-22 11:06:01.663 INFO [main] [pages.NewAccountModal] - Fill Additional Information on 'New Account' modal 'Dach, Brekke and Balistreri'
2024-12-22 11:06:01.664 INFO [main] [wrappers.Picklist] - Selecting 'High' inside picklist 'Customer Priority'
2024-12-22 11:06:02.891 INFO [main] [tests.TestListener] - ======================================== FAILED TEST checkCreateAccountWithAccountNameOnly Duration: 15s ========================================

2024-12-22 11:06:32.048 INFO [main] [tests.TestListener] - ======================================== STARTING TEST checkCreateAccountWithAccountNameOnly ========================================

2024-12-22 11:06:32.098 INFO [main] [tests.AccountsTest] - Create a new account in 'Salesforce' system with Account Name only
2024-12-22 11:06:32.098 INFO [main] [steps.LoginStep] - Login to the 'Salesforce' system with credentials
2024-12-22 11:06:32.099 INFO [main] [pages.LoginPage] - Open 'Login' page
2024-12-22 11:06:32.941 INFO [main] [pages.LoginPage] - Log in using credentials 'tborodich@tms.sandbox' and 'Password001'
2024-12-22 11:06:35.639 INFO [main] [pages.HomePage] - Open 'Homepage' page
2024-12-22 11:06:39.853 INFO [main] [steps.AccountStep] - Creating new account, filling information
2024-12-22 11:06:39.854 INFO [main] [pages.HomePage] - Option 'Accounts' is selected in the menu
2024-12-22 11:06:42.337 INFO [main] [pages.NewAccountModal] - Open 'New Account' modal
2024-12-22 11:06:43.799 INFO [main] [pages.NewAccountModal] - Fill Account Information on 'New Account' modal 'Graham, Cruickshank and Hagenes'
2024-12-22 11:06:43.800 INFO [main] [wrappers.Input] - Writing 'Graham, Cruickshank and Hagenes' into 'Account Name'
2024-12-22 11:06:45.728 INFO [main] [wrappers.Picklist] - Selecting 'Hot' inside picklist 'Rating'
2024-12-22 11:06:46.266 INFO [main] [wrappers.Input] - Writing '' into 'Phone'
2024-12-22 11:06:46.349 INFO [main] [wrappers.Input] - Writing '' into 'Fax'
2024-12-22 11:06:46.465 INFO [main] [wrappers.Input] - Writing '' into 'Account Number'
2024-12-22 11:06:46.670 INFO [main] [wrappers.Input] - Writing '' into 'Employees'
2024-12-22 11:06:46.771 INFO [main] [pages.NewAccountModal] - Fill Address Information on 'New Account' modal 'Graham, Cruickshank and Hagenes'
2024-12-22 11:06:46.773 INFO [main] [wrappers.TextArea] - Writing '' into 'Billing Street' textarea
2024-12-22 11:06:46.865 INFO [main] [wrappers.TextArea] - Writing '' into 'Shipping Street' textarea
2024-12-22 11:06:46.979 INFO [main] [wrappers.Input] - Writing '' into 'Billing City'
2024-12-22 11:06:47.074 INFO [main] [wrappers.Input] - Writing '' into 'Billing State/Province'
2024-12-22 11:06:47.181 INFO [main] [wrappers.Input] - Writing '' into 'Shipping City'
2024-12-22 11:06:47.293 INFO [main] [wrappers.Input] - Writing '' into 'Shipping State/Province'
2024-12-22 11:06:47.674 INFO [main] [wrappers.Input] - Writing '' into 'Billing Zip/Postal Code'
2024-12-22 11:06:47.776 INFO [main] [wrappers.Input] - Writing '' into 'Billing Country'
2024-12-22 11:06:47.871 INFO [main] [wrappers.Input] - Writing '' into 'Shipping Zip/Postal Code'
2024-12-22 11:06:47.970 INFO [main] [wrappers.Input] - Writing '' into 'Shipping Country'
2024-12-22 11:06:48.062 INFO [main] [pages.NewAccountModal] - Fill Additional Information on 'New Account' modal 'Graham, Cruickshank and Hagenes'
2024-12-22 11:06:48.062 INFO [main] [wrappers.Picklist] - Selecting 'High' inside picklist 'Customer Priority'
2024-12-22 11:06:48.382 INFO [main] [wrappers.Picklist] - Selecting 'Gold' inside picklist 'SLA'
2024-12-22 11:06:48.839 INFO [main] [wrappers.Input] - Writing '' into 'SLA Serial Number'
2024-12-22 11:06:48.940 INFO [main] [wrappers.Picklist] - Selecting 'No' inside picklist 'Upsell Opportunity'
2024-12-22 11:06:49.240 INFO [main] [wrappers.Picklist] - Selecting 'No' inside picklist 'Active'
2024-12-22 11:06:49.547 INFO [main] [pages.NewAccountModal] - Click 'Save' button on 'New Account' modal
2024-12-22 11:06:49.739 INFO [main] [tests.TestListener] - ======================================== FINISHED TEST checkCreateAccountWithAccountNameOnly Duration: 17s ========================================

2024-12-24 23:48:38.714 INFO [main] [tests.TestListener] - ======================================== STARTING TEST checkCreateAccountWithAccountNameOnly ========================================

2024-12-24 23:48:38.741 INFO [main] [tests.AccountsTest] - Create a new account in 'Salesforce' system with Account Name only
2024-12-24 23:48:38.741 INFO [main] [steps.LoginStep] - Login to the 'Salesforce' system with credentials
2024-12-24 23:48:38.742 INFO [main] [pages.LoginPage] - Open 'Login' page
2024-12-24 23:48:39.486 INFO [main] [pages.LoginPage] - Log in using credentials 'tborodich@tms.sandbox' and 'Password001'
2024-12-24 23:48:41.621 INFO [main] [pages.HomePage] - Open 'Homepage' page
2024-12-24 23:48:43.526 INFO [main] [steps.AccountStep] - Creating new account, filling information
2024-12-24 23:48:43.527 INFO [main] [pages.HomePage] - Option 'Accounts' is selected in the menu
2024-12-24 23:48:44.227 INFO [main] [pages.NewAccountModal] - Open 'New Account' modal
2024-12-24 23:48:44.901 INFO [main] [pages.NewAccountModal] - Fill Account Information on 'New Account' modal 'O'Kon-Gibson'
2024-12-24 23:48:44.915 INFO [main] [wrappers.Input] - Writing 'O'Kon-Gibson' into 'Account Name'
2024-12-24 23:48:47.374 INFO [main] [wrappers.Picklist] - Selecting 'Hot' inside picklist 'Rating'
2024-12-24 23:48:47.564 INFO [main] [wrappers.Input] - Writing '' into 'Phone'
2024-12-24 23:48:47.606 INFO [main] [wrappers.Input] - Writing '' into 'Fax'
2024-12-24 23:48:47.703 INFO [main] [wrappers.Input] - Writing '' into 'Account Number'
2024-12-24 23:48:47.741 INFO [main] [wrappers.Input] - Writing '' into 'Employees'
2024-12-24 23:48:47.892 INFO [main] [pages.NewAccountModal] - Fill Address Information on 'New Account' modal 'O'Kon-Gibson'
2024-12-24 23:48:47.900 INFO [main] [wrappers.TextArea] - Writing '' into 'Billing Street' textarea
2024-12-24 23:48:47.940 INFO [main] [wrappers.TextArea] - Writing '' into 'Shipping Street' textarea
2024-12-24 23:48:48.023 INFO [main] [wrappers.Input] - Writing '' into 'Billing City'
2024-12-24 23:48:48.084 INFO [main] [wrappers.Input] - Writing '' into 'Billing State/Province'
2024-12-24 23:48:48.125 INFO [main] [wrappers.Input] - Writing '' into 'Shipping City'
2024-12-24 23:48:48.256 INFO [main] [wrappers.Input] - Writing '' into 'Shipping State/Province'
2024-12-24 23:48:48.302 INFO [main] [wrappers.Input] - Writing '' into 'Billing Zip/Postal Code'
2024-12-24 23:48:48.338 INFO [main] [wrappers.Input] - Writing '' into 'Billing Country'
2024-12-24 23:48:48.374 INFO [main] [wrappers.Input] - Writing '' into 'Shipping Zip/Postal Code'
2024-12-24 23:48:48.409 INFO [main] [wrappers.Input] - Writing '' into 'Shipping Country'
2024-12-24 23:48:48.445 INFO [main] [pages.NewAccountModal] - Fill Additional Information on 'New Account' modal 'O'Kon-Gibson'
2024-12-24 23:48:48.445 INFO [main] [wrappers.Picklist] - Selecting 'High' inside picklist 'Customer Priority'
2024-12-24 23:48:48.725 INFO [main] [wrappers.Picklist] - Selecting 'Gold' inside picklist 'SLA'
2024-12-24 23:48:48.910 INFO [main] [wrappers.Input] - Writing '' into 'SLA Serial Number'
2024-12-24 23:48:48.953 INFO [main] [wrappers.Picklist] - Selecting 'No' inside picklist 'Upsell Opportunity'
2024-12-24 23:48:49.082 INFO [main] [wrappers.Picklist] - Selecting 'No' inside picklist 'Active'
2024-12-24 23:48:59.179 INFO [main] [tests.TestListener] - ======================================== FAILED TEST checkCreateAccountWithAccountNameOnly Duration: 20s ========================================

2024-12-24 23:49:19.199 INFO [main] [tests.TestListener] - ======================================== STARTING TEST checkCreateAccountWithAccountNameOnly ========================================

2024-12-24 23:49:19.225 INFO [main] [tests.AccountsTest] - Create a new account in 'Salesforce' system with Account Name only
2024-12-24 23:49:19.225 INFO [main] [steps.LoginStep] - Login to the 'Salesforce' system with credentials
2024-12-24 23:49:19.226 INFO [main] [pages.LoginPage] - Open 'Login' page
2024-12-24 23:49:21.010 INFO [main] [pages.LoginPage] - Log in using credentials 'tborodich@tms.sandbox' and 'Password001'
2024-12-24 23:49:22.221 INFO [main] [pages.HomePage] - Open 'Homepage' page
2024-12-24 23:49:24.778 INFO [main] [steps.AccountStep] - Creating new account, filling information
2024-12-24 23:49:24.779 INFO [main] [pages.HomePage] - Option 'Accounts' is selected in the menu
2024-12-24 23:49:25.521 INFO [main] [pages.NewAccountModal] - Open 'New Account' modal
2024-12-24 23:49:26.459 INFO [main] [pages.NewAccountModal] - Fill Account Information on 'New Account' modal 'Walsh, Ledner and Boyle'
2024-12-24 23:49:26.461 INFO [main] [wrappers.Input] - Writing 'Walsh, Ledner and Boyle' into 'Account Name'
2024-12-24 23:49:27.421 INFO [main] [wrappers.Picklist] - Selecting 'Hot' inside picklist 'Rating'
2024-12-24 23:49:37.602 INFO [main] [tests.TestListener] - ======================================== FAILED TEST checkCreateAccountWithAccountNameOnly Duration: 18s ========================================

2024-12-26 15:35:05.330 INFO [main] [tests.TestListener] - ======================================== STARTING TEST checkCreateAccountWithAccountNameOnly ========================================

2024-12-26 15:35:05.365 INFO [main] [tests.AccountsTest] - Create a new account in 'Salesforce' system with Account Name only
2024-12-26 15:35:05.365 INFO [main] [steps.LoginStep] - Login to the 'Salesforce' system with credentials
2024-12-26 15:35:05.365 INFO [main] [pages.LoginPage] - Open 'Login' page
2024-12-26 15:35:06.167 INFO [main] [pages.LoginPage] - Log in using credentials '' and ''
2024-12-26 15:35:06.454 INFO [main] [pages.HomePage] - Open 'Homepage' page
2024-12-26 15:35:27.383 ERROR [main] [pages.HomePage] - Expected condition failed: waiting for visibility of element located by By.xpath: //img[@alt='User']//ancestor::button[@type='button'] (tried for 20 second(s) with 500 milliseconds interval)
Build info: version: '4.27.0', revision: 'd6e718d134'
System info: os.name: 'Windows 11', os.arch: 'amd64', os.version: '10.0', java.version: '11.0.25'
Driver info: org.openqa.selenium.chrome.ChromeDriver
Capabilities {acceptInsecureCerts: false, browserName: chrome, browserVersion: 131.0.6778.205, chrome: {chromedriverVersion: 131.0.6778.204 (52183f9e99a..., userDataDir: C:\Users\SVETLA~1\AppData\L...}, fedcm:accounts: true, goog:chromeOptions: {debuggerAddress: localhost:16567}, networkConnectionEnabled: false, pageLoadStrategy: normal, platformName: windows, proxy: Proxy(), se:cdp: ws://localhost:16567/devtoo..., se:cdpVersion: 131.0.6778.205, setWindowRect: true, strictFileInteractability: false, timeouts: {implicit: 0, pageLoad: 300000, script: 30000}, unhandledPromptBehavior: dismiss and notify, webauthn:extension:credBlob: true, webauthn:extension:largeBlob: true, webauthn:extension:minPinLength: true, webauthn:extension:prf: true, webauthn:virtualAuthenticators: true}
Session ID: 938e31fdb00b4a34551c85243d388d92
2024-12-26 15:35:27.396 INFO [main] [tests.TestListener] - ======================================== FAILED TEST checkCreateAccountWithAccountNameOnly Duration: 22s ========================================

2024-12-26 15:35:50.892 INFO [main] [tests.TestListener] - ======================================== STARTING TEST checkCreateAccountWithAccountNameOnly ========================================

2024-12-26 15:35:50.926 INFO [main] [tests.AccountsTest] - Create a new account in 'Salesforce' system with Account Name only
2024-12-26 15:35:50.926 INFO [main] [steps.LoginStep] - Login to the 'Salesforce' system with credentials
2024-12-26 15:35:50.926 INFO [main] [pages.LoginPage] - Open 'Login' page
2024-12-26 15:35:51.731 INFO [main] [pages.LoginPage] - Log in using credentials '' and ''
2024-12-26 15:35:51.953 INFO [main] [pages.HomePage] - Open 'Homepage' page
2024-12-26 15:36:12.799 ERROR [main] [pages.HomePage] - Expected condition failed: waiting for visibility of element located by By.xpath: //img[@alt='User']//ancestor::button[@type='button'] (tried for 20 second(s) with 500 milliseconds interval)
Build info: version: '4.27.0', revision: 'd6e718d134'
System info: os.name: 'Windows 11', os.arch: 'amd64', os.version: '10.0', java.version: '11.0.25'
Driver info: org.openqa.selenium.chrome.ChromeDriver
Capabilities {acceptInsecureCerts: false, browserName: chrome, browserVersion: 131.0.6778.205, chrome: {chromedriverVersion: 131.0.6778.204 (52183f9e99a..., userDataDir: C:\Users\SVETLA~1\AppData\L...}, fedcm:accounts: true, goog:chromeOptions: {debuggerAddress: localhost:16618}, networkConnectionEnabled: false, pageLoadStrategy: normal, platformName: windows, proxy: Proxy(), se:cdp: ws://localhost:16618/devtoo..., se:cdpVersion: 131.0.6778.205, setWindowRect: true, strictFileInteractability: false, timeouts: {implicit: 0, pageLoad: 300000, script: 30000}, unhandledPromptBehavior: dismiss and notify, webauthn:extension:credBlob: true, webauthn:extension:largeBlob: true, webauthn:extension:minPinLength: true, webauthn:extension:prf: true, webauthn:virtualAuthenticators: true}
Session ID: d2e5ef6d9c70e24f2ec756d7282f7ddd
2024-12-26 15:36:12.821 INFO [main] [tests.TestListener] - ======================================== FAILED TEST checkCreateAccountWithAccountNameOnly Duration: 21s ========================================

2024-12-26 15:39:50.220 INFO [main] [tests.TestListener] - ======================================== STARTING TEST checkCreateAccountWithAccountNameOnly ========================================

2024-12-26 15:39:50.267 INFO [main] [tests.AccountsTest] - Create a new account in 'Salesforce' system with Account Name only
2024-12-26 15:39:50.267 INFO [main] [steps.LoginStep] - Login to the 'Salesforce' system with credentials
2024-12-26 15:39:50.268 INFO [main] [pages.LoginPage] - Open 'Login' page
2024-12-26 15:39:50.994 INFO [main] [pages.LoginPage] - Log in using credentials 'tborodich@tms.sandbox' and 'Password001'
2024-12-26 15:39:52.389 INFO [main] [pages.HomePage] - Open 'Homepage' page
2024-12-26 15:39:56.125 INFO [main] [steps.AccountStep] - Creating new account, filling information
2024-12-26 15:39:56.126 INFO [main] [pages.HomePage] - Option 'Accounts' is selected in the menu
2024-12-26 15:39:56.820 INFO [main] [pages.NewAccountModal] - Open 'New Account' modal
2024-12-26 15:39:57.161 INFO [main] [pages.NewAccountModal] - Fill Account Information on 'New Account' modal 'Turner, Collins and Corkery'
2024-12-26 15:39:57.172 INFO [main] [wrappers.Input] - Writing 'Turner, Collins and Corkery' into 'Account Name'
2024-12-26 15:39:59.015 INFO [main] [wrappers.Picklist] - Selecting 'Hot' inside picklist 'Rating'
2024-12-26 15:40:09.202 INFO [main] [tests.TestListener] - ======================================== FAILED TEST checkCreateAccountWithAccountNameOnly Duration: 18s ========================================

2024-12-26 15:43:30.447 INFO [main] [tests.TestListener] - ======================================== STARTING TEST checkCreateAccount ========================================

2024-12-26 15:43:30.478 INFO [main] [tests.AccountsTest] - Create a new account in 'Salesforce' system
2024-12-26 15:43:30.478 INFO [main] [steps.LoginStep] - Login to the 'Salesforce' system with credentials
2024-12-26 15:43:30.479 INFO [main] [pages.LoginPage] - Open 'Login' page
2024-12-26 15:43:31.211 INFO [main] [pages.LoginPage] - Log in using credentials 'tborodich@tms.sandbox' and 'Password001'
2024-12-26 15:43:32.562 INFO [main] [pages.HomePage] - Open 'Homepage' page
2024-12-26 15:43:35.802 INFO [main] [steps.AccountStep] - Creating new account, filling information
2024-12-26 15:43:35.802 INFO [main] [pages.HomePage] - Option 'Accounts' is selected in the menu
2024-12-26 15:43:36.518 INFO [main] [pages.NewAccountModal] - Open 'New Account' modal
2024-12-26 15:43:37.221 INFO [main] [pages.NewAccountModal] - Fill Account Information on 'New Account' modal 'Collins-Feest'
2024-12-26 15:43:37.224 INFO [main] [wrappers.Input] - Writing 'Collins-Feest' into 'Account Name'
2024-12-26 15:43:38.392 INFO [main] [wrappers.Picklist] - Selecting 'Hot' inside picklist 'Rating'
2024-12-26 15:43:38.706 INFO [main] [wrappers.Input] - Writing '491.367.4972' into 'Phone'
2024-12-26 15:43:39.167 INFO [main] [wrappers.Input] - Writing '1-007-599-9086' into 'Fax'
2024-12-26 15:43:39.428 INFO [main] [wrappers.Input] - Writing '678-90-9768' into 'Account Number'
2024-12-26 15:43:39.575 INFO [main] [wrappers.Input] - Writing '0' into 'Employees'
2024-12-26 15:43:39.643 INFO [main] [pages.NewAccountModal] - Fill Address Information on 'New Account' modal 'Collins-Feest'
2024-12-26 15:43:39.652 INFO [main] [wrappers.TextArea] - Writing '368 Jacobs Hills' into 'Billing Street' textarea
2024-12-26 15:43:39.858 INFO [main] [wrappers.TextArea] - Writing '5448 Jared Ridge' into 'Shipping Street' textarea
2024-12-26 15:43:40.059 INFO [main] [wrappers.Input] - Writing 'New Hank' into 'Billing City'
2024-12-26 15:43:40.176 INFO [main] [wrappers.Input] - Writing 'South Carolina' into 'Billing State/Province'
2024-12-26 15:43:40.298 INFO [main] [wrappers.Input] - Writing 'Parisfort' into 'Shipping City'
2024-12-26 15:43:40.393 INFO [main] [wrappers.Input] - Writing 'New Jersey' into 'Shipping State/Province'
2024-12-26 15:43:40.488 INFO [main] [wrappers.Input] - Writing '29556-0210' into 'Billing Zip/Postal Code'
2024-12-26 15:43:40.588 INFO [main] [wrappers.Input] - Writing 'Turkey' into 'Billing Country'
2024-12-26 15:43:40.663 INFO [main] [wrappers.Input] - Writing '23772' into 'Shipping Zip/Postal Code'
2024-12-26 15:43:40.733 INFO [main] [wrappers.Input] - Writing 'Isle of Man' into 'Shipping Country'
2024-12-26 15:43:40.838 INFO [main] [pages.NewAccountModal] - Fill Additional Information on 'New Account' modal 'Collins-Feest'
2024-12-26 15:43:40.839 INFO [main] [wrappers.Picklist] - Selecting 'High' inside picklist 'Customer Priority'
2024-12-26 15:43:41.055 INFO [main] [wrappers.Picklist] - Selecting 'Gold' inside picklist 'SLA'
2024-12-26 15:43:41.193 INFO [main] [wrappers.Input] - Writing '5' into 'SLA Serial Number'
2024-12-26 15:43:41.240 INFO [main] [wrappers.Picklist] - Selecting 'Yes' inside picklist 'Upsell Opportunity'
2024-12-26 15:43:41.372 INFO [main] [wrappers.Picklist] - Selecting 'Yes' inside picklist 'Active'
2024-12-26 15:43:51.483 INFO [main] [tests.TestListener] - ======================================== FAILED TEST checkCreateAccount Duration: 21s ========================================

2024-12-26 15:43:52.988 INFO [main] [tests.TestListener] - ======================================== STARTING TEST checkCreateAccountWithAccountNameOnly ========================================

2024-12-26 15:43:52.990 INFO [main] [tests.AccountsTest] - Create a new account in 'Salesforce' system with Account Name only
2024-12-26 15:43:52.990 INFO [main] [steps.LoginStep] - Login to the 'Salesforce' system with credentials
2024-12-26 15:43:52.990 INFO [main] [pages.LoginPage] - Open 'Login' page
2024-12-26 15:43:53.524 INFO [main] [pages.LoginPage] - Log in using credentials 'tborodich@tms.sandbox' and 'Password001'
2024-12-26 15:43:57.311 INFO [main] [pages.HomePage] - Open 'Homepage' page
2024-12-26 15:43:58.427 INFO [main] [steps.AccountStep] - Creating new account, filling information
2024-12-26 15:43:58.428 INFO [main] [pages.HomePage] - Option 'Accounts' is selected in the menu
2024-12-26 15:43:59.043 INFO [main] [pages.NewAccountModal] - Open 'New Account' modal
2024-12-26 15:43:59.621 INFO [main] [pages.NewAccountModal] - Fill Account Information on 'New Account' modal 'Beier, Willms and Feest'
2024-12-26 15:43:59.621 INFO [main] [wrappers.Input] - Writing 'Beier, Willms and Feest' into 'Account Name'
2024-12-26 15:44:01.429 INFO [main] [wrappers.Picklist] - Selecting 'Hot' inside picklist 'Rating'
2024-12-26 15:44:01.579 INFO [main] [wrappers.Input] - Writing '' into 'Phone'
2024-12-26 15:44:01.623 INFO [main] [wrappers.Input] - Writing '' into 'Fax'
2024-12-26 15:44:01.659 INFO [main] [wrappers.Input] - Writing '' into 'Account Number'
2024-12-26 15:44:01.696 INFO [main] [wrappers.Input] - Writing '' into 'Employees'
2024-12-26 15:44:01.730 INFO [main] [pages.NewAccountModal] - Fill Address Information on 'New Account' modal 'Beier, Willms and Feest'
2024-12-26 15:44:01.730 INFO [main] [wrappers.TextArea] - Writing '' into 'Billing Street' textarea
2024-12-26 15:44:01.772 INFO [main] [wrappers.TextArea] - Writing '' into 'Shipping Street' textarea
2024-12-26 15:44:01.808 INFO [main] [wrappers.Input] - Writing '' into 'Billing City'
2024-12-26 15:44:01.928 INFO [main] [wrappers.Input] - Writing '' into 'Billing State/Province'
2024-12-26 15:44:01.967 INFO [main] [wrappers.Input] - Writing '' into 'Shipping City'
2024-12-26 15:44:02.002 INFO [main] [wrappers.Input] - Writing '' into 'Shipping State/Province'
2024-12-26 15:44:02.037 INFO [main] [wrappers.Input] - Writing '' into 'Billing Zip/Postal Code'
2024-12-26 15:44:02.072 INFO [main] [wrappers.Input] - Writing '' into 'Billing Country'
2024-12-26 15:44:02.108 INFO [main] [wrappers.Input] - Writing '' into 'Shipping Zip/Postal Code'
2024-12-26 15:44:02.145 INFO [main] [wrappers.Input] - Writing '' into 'Shipping Country'
2024-12-26 15:44:02.184 INFO [main] [pages.NewAccountModal] - Fill Additional Information on 'New Account' modal 'Beier, Willms and Feest'
2024-12-26 15:44:02.184 INFO [main] [wrappers.Picklist] - Selecting 'High' inside picklist 'Customer Priority'
2024-12-26 15:44:02.348 INFO [main] [wrappers.Picklist] - Selecting 'Gold' inside picklist 'SLA'
2024-12-26 15:44:02.475 INFO [main] [wrappers.Input] - Writing '' into 'SLA Serial Number'
2024-12-26 15:44:02.533 INFO [main] [wrappers.Picklist] - Selecting 'No' inside picklist 'Upsell Opportunity'
2024-12-26 15:44:02.669 INFO [main] [wrappers.Picklist] - Selecting 'No' inside picklist 'Active'
2024-12-26 15:44:12.966 INFO [main] [tests.TestListener] - ======================================== FAILED TEST checkCreateAccountWithAccountNameOnly Duration: 19s ========================================

2024-12-26 15:46:00.487 INFO [main] [tests.TestListener] - ======================================== STARTING TEST checkCreateAccount ========================================

2024-12-26 15:46:00.515 INFO [main] [tests.AccountsTest] - Create a new account in 'Salesforce' system
2024-12-26 15:46:00.515 INFO [main] [steps.LoginStep] - Login to the 'Salesforce' system with credentials
2024-12-26 15:46:00.516 INFO [main] [pages.LoginPage] - Open 'Login' page
2024-12-26 15:46:01.384 INFO [main] [pages.LoginPage] - Log in using credentials 'tborodich@tms.sandbox' and 'Password001'
2024-12-26 15:46:07.439 INFO [main] [pages.HomePage] - Open 'Homepage' page
2024-12-26 15:46:08.581 INFO [main] [steps.AccountStep] - Creating new account, filling information
2024-12-26 15:46:08.581 INFO [main] [pages.HomePage] - Option 'Accounts' is selected in the menu
2024-12-26 15:46:09.226 INFO [main] [pages.NewAccountModal] - Open 'New Account' modal
2024-12-26 15:46:09.773 INFO [main] [pages.NewAccountModal] - Fill Account Information on 'New Account' modal 'Bernier-Hane'
2024-12-26 15:46:09.774 INFO [main] [wrappers.Input] - Writing 'Bernier-Hane' into 'Account Name'
2024-12-26 15:46:11.195 INFO [main] [wrappers.Picklist] - Selecting 'Hot' inside picklist 'Rating'
2024-12-26 15:46:21.420 INFO [main] [tests.TestListener] - ======================================== FAILED TEST checkCreateAccount Duration: 20s ========================================

2024-12-26 15:46:22.881 INFO [main] [tests.TestListener] - ======================================== STARTING TEST checkCreateAccountWithAccountNameOnly ========================================

2024-12-26 15:46:22.883 INFO [main] [tests.AccountsTest] - Create a new account in 'Salesforce' system with Account Name only
2024-12-26 15:46:22.883 INFO [main] [steps.LoginStep] - Login to the 'Salesforce' system with credentials
2024-12-26 15:46:22.884 INFO [main] [pages.LoginPage] - Open 'Login' page
2024-12-26 15:46:23.631 INFO [main] [pages.LoginPage] - Log in using credentials 'tborodich@tms.sandbox' and 'Password001'
2024-12-26 15:46:30.192 INFO [main] [pages.HomePage] - Open 'Homepage' page
2024-12-26 15:46:31.227 INFO [main] [steps.AccountStep] - Creating new account, filling information
2024-12-26 15:46:31.227 INFO [main] [pages.HomePage] - Option 'Accounts' is selected in the menu
2024-12-26 15:46:32.199 INFO [main] [pages.NewAccountModal] - Open 'New Account' modal
2024-12-26 15:46:32.778 INFO [main] [pages.NewAccountModal] - Fill Account Information on 'New Account' modal 'Bogan and Sons'
2024-12-26 15:46:32.778 INFO [main] [wrappers.Input] - Writing 'Bogan and Sons' into 'Account Name'
2024-12-26 15:46:34.722 INFO [main] [wrappers.Picklist] - Selecting 'Hot' inside picklist 'Rating'
2024-12-26 15:46:34.881 INFO [main] [wrappers.Input] - Writing '' into 'Phone'
2024-12-26 15:46:34.936 INFO [main] [wrappers.Input] - Writing '' into 'Fax'
2024-12-26 15:46:35.074 INFO [main] [wrappers.Input] - Writing '' into 'Account Number'
2024-12-26 15:46:35.125 INFO [main] [wrappers.Input] - Writing '' into 'Employees'
2024-12-26 15:46:35.236 INFO [main] [pages.NewAccountModal] - Fill Address Information on 'New Account' modal 'Bogan and Sons'
2024-12-26 15:46:35.237 INFO [main] [wrappers.TextArea] - Writing '' into 'Billing Street' textarea
2024-12-26 15:46:35.348 INFO [main] [wrappers.TextArea] - Writing '' into 'Shipping Street' textarea
2024-12-26 15:46:35.454 INFO [main] [wrappers.Input] - Writing '' into 'Billing City'
2024-12-26 15:46:35.520 INFO [main] [wrappers.Input] - Writing '' into 'Billing State/Province'
2024-12-26 15:46:35.718 INFO [main] [wrappers.Input] - Writing '' into 'Shipping City'
2024-12-26 15:46:35.783 INFO [main] [wrappers.Input] - Writing '' into 'Shipping State/Province'
2024-12-26 15:46:35.842 INFO [main] [wrappers.Input] - Writing '' into 'Billing Zip/Postal Code'
2024-12-26 15:46:35.925 INFO [main] [wrappers.Input] - Writing '' into 'Billing Country'
2024-12-26 15:46:35.995 INFO [main] [wrappers.Input] - Writing '' into 'Shipping Zip/Postal Code'
2024-12-26 15:46:36.157 INFO [main] [wrappers.Input] - Writing '' into 'Shipping Country'
2024-12-26 15:46:36.208 INFO [main] [pages.NewAccountModal] - Fill Additional Information on 'New Account' modal 'Bogan and Sons'
2024-12-26 15:46:36.208 INFO [main] [wrappers.Picklist] - Selecting 'High' inside picklist 'Customer Priority'
2024-12-26 15:46:36.573 INFO [main] [wrappers.Picklist] - Selecting 'Gold' inside picklist 'SLA'
2024-12-26 15:46:36.695 INFO [main] [wrappers.Input] - Writing '' into 'SLA Serial Number'
2024-12-26 15:46:36.729 INFO [main] [wrappers.Picklist] - Selecting 'No' inside picklist 'Upsell Opportunity'
2024-12-26 15:46:36.854 INFO [main] [wrappers.Picklist] - Selecting 'No' inside picklist 'Active'
2024-12-26 15:46:46.931 INFO [main] [tests.TestListener] - ======================================== FAILED TEST checkCreateAccountWithAccountNameOnly Duration: 24s ========================================

